aeroway|helipad|9
aeroway|navigationaid|1
communications_tower||1
emergency_access||1
emergency_phone||16
fire_hydrant||357
flagpole||248
mast||2
power|generator|2
power|insulator|4
power|pole|88
power|tower|114
silo||10
tower|bell_tower|1
tower|communication|9
tower||32
